// Jest Snapshot v1, https://goo.gl/fbAQLP

exports[`Button component has a valid snapshot 1`] = `
<button
  className="button"
  onClick={[Function]}
>
  Give Me More
</button>
`;
