// Jest Snapshot v1, https://goo.gl/fbAQLP

exports[`PostsList has a valid snapshot 1`] = `
<ul
  className="posts-list"
>
  <li
    className="posts"
  >
    <span
      className="title"
      style={
        Object {
          "width": "30%",
        }
      }
    >
      <a
        href={undefined}
      >
        1
         
      </a>
    </span>
    <span
      style={
        Object {
          "width": "15%",
        }
      }
    >
      1
       
    </span>
    <span
      style={
        Object {
          "width": "10%",
        }
      }
    >
      1
       
    </span>
    <span
      style={
        Object {
          "width": "10%",
        }
      }
    >
      2
       
    </span>
    <span
      style={
        Object {
          "width": "30%",
        }
      }
    >
      <button
        className="button-cancel"
        onClick={[Function]}
      >
        Dismiss
      </button>
      <button
        className="button"
        onClick={[Function]}
      >
        Archive
      </button>
    </span>
  </li>
  <li
    className="posts"
  >
    <span
      className="title"
      style={
        Object {
          "width": "30%",
        }
      }
    >
      <a
        href={undefined}
      >
        2
         
      </a>
    </span>
    <span
      style={
        Object {
          "width": "15%",
        }
      }
    >
      2
       
    </span>
    <span
      style={
        Object {
          "width": "10%",
        }
      }
    >
      2
       
    </span>
    <span
      style={
        Object {
          "width": "10%",
        }
      }
    >
      3
       
    </span>
    <span
      style={
        Object {
          "width": "30%",
        }
      }
    >
      <button
        className="button-cancel"
        onClick={[Function]}
      >
        Dismiss
      </button>
      <button
        className="button"
        onClick={[Function]}
      >
        Archive
      </button>
    </span>
  </li>
</ul>
`;
