// Jest Snapshot v1, https://goo.gl/fbAQLP

exports[`Search form has a valid snapshot 1`] = `
<form
  className="search"
  onSubmit={undefined}
>
  search
  <input
    onChange={undefined}
    type="search"
    value={undefined}
  />
  <button
    className="button-search"
    onSubmit={undefined}
    type="submit"
  >
    Search
  </button>
</form>
`;
